[x2] [ERROR] vitest Error: operation failed for request [ID] from [IP]:[PORT]
[x2] [ERROR] jest Error: operation failed for request [ID] from [IP]:[PORT]
[x2] [ERROR] mocha Error: operation failed for request [ID] from [IP]:[PORT]
[x2] [ERROR] ava test Error: operation failed for request [ID] from [IP]:[PORT]
[x2] [ERROR] tap version Error: operation failed for request [ID] from [IP]:[PORT]
[x2] [ERROR] node:test Error: operation failed for request [ID] from [IP]:[PORT]
[x2] [ERROR] cypress Error: operation failed for request [ID] from [IP]:[PORT]
[x2] [ERROR] playwright Error: operation failed for request [ID] from [IP]:[PORT]
[x2] [ERROR] storybook Error: operation failed for request [ID] from [IP]:[PORT]
[x2] [ERROR] karma Error: operation failed for request [ID] from [IP]:[PORT]
[x2] [ERROR] webpack Error: operation failed for request [ID] from [IP]:[PORT]
[x2] [ERROR] vite Error: operation failed for request [ID] from [IP]:[PORT]
[x2] [ERROR] rollup Error: operation failed for request [ID] from [IP]:[PORT]
[x2] [ERROR] esbuild Error: operation failed for request [ID] from [IP]:[PORT]
[x2] [ERROR] babel Error: operation failed for request [ID] from [IP]:[PORT]
[x2] [ERROR] swc Error: operation failed for request [ID] from [IP]:[PORT]
[x2] [ERROR] typescript Error: operation failed for request [ID] from [IP]:[PORT]
[x2] [ERROR] eslint Error: operation failed for request [ID] from [IP]:[PORT]
[x2] [ERROR] prettier Error: operation failed for request [ID] from [IP]:[PORT]
[x2] [ERROR] rome Error: operation failed for request [ID] from [IP]:[PORT]
[x2] [ERROR] npm err! Error: operation failed for request [ID] from [IP]:[PORT]
[x2] [ERROR] pnpm err! Error: operation failed for request [ID] from [IP]:[PORT]
[x2] [ERROR] yarn error Error: operation failed for request [ID] from [IP]:[PORT]
[x2] [ERROR] bun install Error: operation failed for request [ID] from [IP]:[PORT]
[x2] [ERROR] nx  Error: operation failed for request [ID] from [IP]:[PORT]
[x2] [ERROR] turbo run Error: operation failed for request [ID] from [IP]:[PORT]
[x2] [ERROR] lerna Error: operation failed for request [ID] from [IP]:[PORT]
[x2] [ERROR] pytest Error: operation failed for request [ID] from [IP]:[PORT]
[x2] [ERROR] keploy Error: operation failed for request [ID] from [IP]:[PORT]
[x2] [ERROR] testkube Error: operation failed for request [ID] from [IP]:[PORT]
[x2] [ERROR] unittest Error: operation failed for request [ID] from [IP]:[PORT]
[x2] [ERROR] tox -e Error: operation failed for request [ID] from [IP]:[PORT]
[x2] [ERROR] nox > Error: operation failed for request [ID] from [IP]:[PORT]
[x2] [ERROR] pip install Error: operation failed for request [ID] from [IP]:[PORT]
[x2] [ERROR] pipenv Error: operation failed for request [ID] from [IP]:[PORT]
[x2] [ERROR] poetry install Error: operation failed for request [ID] from [IP]:[PORT]
[x2] [ERROR] uv pip Error: operation failed for request [ID] from [IP]:[PORT]
[x2] [ERROR] django Error: operation failed for request [ID] from [IP]:[PORT]
[x2] [ERROR] flask app Error: operation failed for request [ID] from [IP]:[PORT]
[x2] [ERROR] fastapi Error: operation failed for request [ID] from [IP]:[PORT]
[x2] [ERROR] gunicorn Error: operation failed for request [ID] from [IP]:[PORT]
[x2] [ERROR] uvicorn Error: operation failed for request [ID] from [IP]:[PORT]
[x2] [ERROR] celery Error: operation failed for request [ID] from [IP]:[PORT]
[x2] [ERROR] airflow Error: operation failed for request [ID] from [IP]:[PORT]
[x2] [ERROR] maven Error: operation failed for request [ID] from [IP]:[PORT]
[x2] [ERROR] gradle Error: operation failed for request [ID] from [IP]:[PORT]
[x2] [ERROR] bazel Error: operation failed for request [ID] from [IP]:[PORT]
[x2] [ERROR] cmake error Error: operation failed for request [ID] from [IP]:[PORT]
[x2] [ERROR] ninja: build stopped Error: operation failed for request [ID] from [IP]:[PORT]
[x2] [ERROR] sbt compile Error: operation failed for request [ID] from [IP]:[PORT]
[x2] [ERROR] apache ant Error: operation failed for request [ID] from [IP]:[PORT]
[x2] [ERROR] junit Error: operation failed for request [ID] from [IP]:[PORT]
[x2] [ERROR] spring Error: operation failed for request [ID] from [IP]:[PORT]
[x2] [ERROR] logback Error: operation failed for request [ID] from [IP]:[PORT]
[x2] [ERROR] go test Error: operation failed for request [ID] from [IP]:[PORT]
[x2] [ERROR] go build Error: operation failed for request [ID] from [IP]:[PORT]
[x2] [ERROR] golangci-lint Error: operation failed for request [ID] from [IP]:[PORT]
[x2] [ERROR] gin-gonic Error: operation failed for request [ID] from [IP]:[PORT]
[x2] [ERROR] spf13/cobra Error: operation failed for request [ID] from [IP]:[PORT]
[x2] [ERROR] cargo build Error: operation failed for request [ID] from [IP]:[PORT]
[x2] [ERROR] rustc Error: operation failed for request [ID] from [IP]:[PORT]
[x2] [ERROR] clippy Error: operation failed for request [ID] from [IP]:[PORT]
[x2] [ERROR] actix Error: operation failed for request [ID] from [IP]:[PORT]
[x2] [ERROR] tokio Error: operation failed for request [ID] from [IP]:[PORT]
[x2] [ERROR] dotnet  Error: operation failed for request [ID] from [IP]:[PORT]
[x2] [ERROR] msbuild Error: operation failed for request [ID] from [IP]:[PORT]
[x2] [ERROR] nuget Error: operation failed for request [ID] from [IP]:[PORT]
[x2] [ERROR] xunit Error: operation failed for request [ID] from [IP]:[PORT]
[x2] [ERROR] nunit Error: operation failed for request [ID] from [IP]:[PORT]
[x2] [ERROR] serilog Error: operation failed for request [ID] from [IP]:[PORT]
[x2] [ERROR] phpunit Error: operation failed for request [ID] from [IP]:[PORT]
[x2] [ERROR] composer Error: operation failed for request [ID] from [IP]:[PORT]
[x2] [ERROR] laravel Error: operation failed for request [ID] from [IP]:[PORT]
[x2] [ERROR] symfony Error: operation failed for request [ID] from [IP]:[PORT]
[x2] [ERROR] bundle install Error: operation failed for request [ID] from [IP]:[PORT]
[x2] [ERROR] rspec Error: operation failed for request [ID] from [IP]:[PORT]
[x2] [ERROR] rails Error: operation failed for request [ID] from [IP]:[PORT]
[x2] [ERROR] sidekiq Error: operation failed for request [ID] from [IP]:[PORT]
[x2] [ERROR] docker Error: operation failed for request [ID] from [IP]:[PORT]
[x2] [ERROR] buildkit Error: operation failed for request [ID] from [IP]:[PORT]
[x2] [ERROR] docker-compose Error: operation failed for request [ID] from [IP]:[PORT]
[x2] [ERROR] podman Error: operation failed for request [ID] from [IP]:[PORT]
[x2] [ERROR] containerd Error: operation failed for request [ID] from [IP]:[PORT]
[x2] [ERROR] runc Error: operation failed for request [ID] from [IP]:[PORT]
[x2] [ERROR] kubernetes Error: operation failed for request [ID] from [IP]:[PORT]
[x2] [ERROR] kubelet Error: operation failed for request [ID] from [IP]:[PORT]
[x2] [ERROR] helm Error: operation failed for request [ID] from [IP]:[PORT]
[x2] [ERROR] kustomize Error: operation failed for request [ID] from [IP]:[PORT]
[x2] [ERROR] skaffold Error: operation failed for request [ID] from [IP]:[PORT]
[x2] [ERROR] tilt up Error: operation failed for request [ID] from [IP]:[PORT]
[x2] [ERROR] openshift Error: operation failed for request [ID] from [IP]:[PORT]
[x2] [ERROR] concourse Error: operation failed for request [ID] from [IP]:[PORT]
[x2] [ERROR] werf Error: operation failed for request [ID] from [IP]:[PORT]
[x2] [ERROR] hashicorp nomad Error: operation failed for request [ID] from [IP]:[PORT]
[x2] [ERROR] hashicorp consul Error: operation failed for request [ID] from [IP]:[PORT]
[x2] [ERROR] istio Error: operation failed for request [ID] from [IP]:[PORT]
[x2] [ERROR] linkerd Error: operation failed for request [ID] from [IP]:[PORT]
[x2] [ERROR] cilium Error: operation failed for request [ID] from [IP]:[PORT]
[x2] [ERROR] calico Error: operation failed for request [ID] from [IP]:[PORT]
[x2] [ERROR] keda Error: operation failed for request [ID] from [IP]:[PORT]
[x2] [ERROR] knative Error: operation failed for request [ID] from [IP]:[PORT]
[x2] [ERROR] openfaas Error: operation failed for request [ID] from [IP]:[PORT]
[x2] [ERROR] cert-manager Error: operation failed for request [ID] from [IP]:[PORT]
[x2] [ERROR] external-dns Error: operation failed for request [ID] from [IP]:[PORT]
[x2] [ERROR] sealed-secrets Error: operation failed for request [ID] from [IP]:[PORT]
[x2] [ERROR] kyverno Error: operation failed for request [ID] from [IP]:[PORT]
[x2] [ERROR] gatekeeper Error: operation failed for request [ID] from [IP]:[PORT]
[x2] [ERROR] argo rollouts Error: operation failed for request [ID] from [IP]:[PORT]
[x2] [ERROR] flagger Error: operation failed for request [ID] from [IP]:[PORT]
[x2] [ERROR] crossplane Error: operation failed for request [ID] from [IP]:[PORT]
[x2] [ERROR] telepresence Error: operation failed for request [ID] from [IP]:[PORT]
[x2] [ERROR] k9s Error: operation failed for request [ID] from [IP]:[PORT]
[x2] [ERROR] stern Error: operation failed for request [ID] from [IP]:[PORT]
[x2] [ERROR] kubescape Error: operation failed for request [ID] from [IP]:[PORT]
[x2] [ERROR] tracetest Error: operation failed for request [ID] from [IP]:[PORT]
[x2] [ERROR] fairwinds polaris Error: operation failed for request [ID] from [IP]:[PORT]
[x2] [ERROR] kube-bench Error: operation failed for request [ID] from [IP]:[PORT]
[x2] [ERROR] kube-hunter Error: operation failed for request [ID] from [IP]:[PORT]
[x2] [ERROR] envoy Error: operation failed for request [ID] from [IP]:[PORT]
[x2] [ERROR] github actions Error: operation failed for request [ID] from [IP]:[PORT]
[x2] [ERROR] gitlab-ci Error: operation failed for request [ID] from [IP]:[PORT]
[x2] [ERROR] jenkins Error: operation failed for request [ID] from [IP]:[PORT]
[x2] [ERROR] argocd Error: operation failed for request [ID] from [IP]:[PORT]
[x2] [ERROR] fluxcd Error: operation failed for request [ID] from [IP]:[PORT]
[x2] [ERROR] renovate bot Error: operation failed for request [ID] from [IP]:[PORT]
[x2] [ERROR] circleci Error: operation failed for request [ID] from [IP]:[PORT]
[x2] [ERROR] travis ci Error: operation failed for request [ID] from [IP]:[PORT]
[x2] [ERROR] azure pipelines Error: operation failed for request [ID] from [IP]:[PORT]
[x2] [ERROR] teamcity Error: operation failed for request [ID] from [IP]:[PORT]
[x2] [ERROR] buildkite Error: operation failed for request [ID] from [IP]:[PORT]
[x2] [ERROR] spinnaker Error: operation failed for request [ID] from [IP]:[PORT]
[x2] [ERROR] harness Error: operation failed for request [ID] from [IP]:[PORT]
[x2] [ERROR] armory Error: operation failed for request [ID] from [IP]:[PORT]
[x2] [ERROR] atlassian bamboo Error: operation failed for request [ID] from [IP]:[PORT]
[x2] [ERROR] appveyor Error: operation failed for request [ID] from [IP]:[PORT]
[x2] [ERROR] codefresh Error: operation failed for request [ID] from [IP]:[PORT]
[x2] [ERROR] octopus deploy Error: operation failed for request [ID] from [IP]:[PORT]
[x2] [ERROR] drone.io Error: operation failed for request [ID] from [IP]:[PORT]
[x2] [ERROR] tekton Error: operation failed for request [ID] from [IP]:[PORT]
[x2] [ERROR] argo workflows Error: operation failed for request [ID] from [IP]:[PORT]
[x2] [ERROR] trivy Error: operation failed for request [ID] from [IP]:[PORT]
[x2] [ERROR] snyk Error: operation failed for request [ID] from [IP]:[PORT]
[x2] [ERROR] grype Error: operation failed for request [ID] from [IP]:[PORT]
[x2] [ERROR] semgrep Error: operation failed for request [ID] from [IP]:[PORT]
[x2] [ERROR] gitleaks Error: operation failed for request [ID] from [IP]:[PORT]
[x2] [ERROR] dependabot Error: operation failed for request [ID] from [IP]:[PORT]
[x2] [ERROR] npm audit Error: operation failed for request [ID] from [IP]:[PORT]
[x2] [ERROR] osv-scanner Error: operation failed for request [ID] from [IP]:[PORT]
[x2] [ERROR] checkov Error: operation failed for request [ID] from [IP]:[PORT]
[x2] [ERROR] bandit Error: operation failed for request [ID] from [IP]:[PORT]
[x2] [ERROR] sonarqube Error: operation failed for request [ID] from [IP]:[PORT]
[x2] [ERROR] nginx Error: operation failed for request [ID] from [IP]:[PORT]
[x2] [ERROR] apache Error: operation failed for request [ID] from [IP]:[PORT]
[x2] [ERROR] caddy Error: operation failed for request [ID] from [IP]:[PORT]
[x2] [ERROR] varnish Error: operation failed for request [ID] from [IP]:[PORT]
[x2] [ERROR] traefik Error: operation failed for request [ID] from [IP]:[PORT]
[x2] [ERROR] haproxy Error: operation failed for request [ID] from [IP]:[PORT]
[x2] [ERROR] postgres Error: operation failed for request [ID] from [IP]:[PORT]
[x2] [ERROR] mysql Error: operation failed for request [ID] from [IP]:[PORT]
[x2] [ERROR] mariadb Error: operation failed for request [ID] from [IP]:[PORT]
[x2] [ERROR] mongodb Error: operation failed for request [ID] from [IP]:[PORT]
[x2] [ERROR] redis Error: operation failed for request [ID] from [IP]:[PORT]
[x2] [ERROR] valkey Error: operation failed for request [ID] from [IP]:[PORT]
[x2] [ERROR] keydb Error: operation failed for request [ID] from [IP]:[PORT]
[x2] [ERROR] dragonflydb Error: operation failed for request [ID] from [IP]:[PORT]
[x2] [ERROR] memcached Error: operation failed for request [ID] from [IP]:[PORT]
[x2] [ERROR] aerospike Error: operation failed for request [ID] from [IP]:[PORT]
[x2] [ERROR] dynamodb Error: operation failed for request [ID] from [IP]:[PORT]
[x2] [ERROR] cockroachdb Error: operation failed for request [ID] from [IP]:[PORT]
[x2] [ERROR] scylladb Error: operation failed for request [ID] from [IP]:[PORT]
[x2] [ERROR] yugabytedb Error: operation failed for request [ID] from [IP]:[PORT]
[x2] [ERROR] tidb Error: operation failed for request [ID] from [IP]:[PORT]
[x2] [ERROR] influxdb Error: operation failed for request [ID] from [IP]:[PORT]
[x2] [ERROR] timescaledb Error: operation failed for request [ID] from [IP]:[PORT]
[x2] [ERROR] questdb Error: operation failed for request [ID] from [IP]:[PORT]
[x2] [ERROR] eventstoredb Error: operation failed for request [ID] from [IP]:[PORT]
[x2] [ERROR] pgbouncer Error: operation failed for request [ID] from [IP]:[PORT]
[x2] [ERROR] proxysql Error: operation failed for request [ID] from [IP]:[PORT]
[x2] [ERROR] vitess Error: operation failed for request [ID] from [IP]:[PORT]
[x2] [ERROR] cassandra Error: operation failed for request [ID] from [IP]:[PORT]
[x2] [ERROR] clickhouse Error: operation failed for request [ID] from [IP]:[PORT]
[x2] [ERROR] opensearch Error: operation failed for request [ID] from [IP]:[PORT]
[x2] [ERROR] elasticsearch Error: operation failed for request [ID] from [IP]:[PORT]
[x2] [ERROR] oracle Error: operation failed for request [ID] from [IP]:[PORT]
[x2] [ERROR] sql server Error: operation failed for request [ID] from [IP]:[PORT]
[x2] [ERROR] db2 Error: operation failed for request [ID] from [IP]:[PORT]
[x2] [ERROR] neo4j Error: operation failed for request [ID] from [IP]:[PORT]
[x2] [ERROR] kafka Error: operation failed for request [ID] from [IP]:[PORT]
[x2] [ERROR] kinesis Error: operation failed for request [ID] from [IP]:[PORT]
[x2] [ERROR] amazon msk Error: operation failed for request [ID] from [IP]:[PORT]
[x2] [ERROR] confluent Error: operation failed for request [ID] from [IP]:[PORT]
[x2] [ERROR] schema registry Error: operation failed for request [ID] from [IP]:[PORT]
[x2] [ERROR] rabbitmq Error: operation failed for request [ID] from [IP]:[PORT]
[x2] [ERROR] nats Error: operation failed for request [ID] from [IP]:[PORT]
[x2] [ERROR] pulsar Error: operation failed for request [ID] from [IP]:[PORT]
[x2] [ERROR] activemq Error: operation failed for request [ID] from [IP]:[PORT]
[x2] [ERROR] debezium server Error: operation failed for request [ID] from [IP]:[PORT]
[x2] [ERROR] streamsets Error: operation failed for request [ID] from [IP]:[PORT]
[x2] [ERROR] bytewax Error: operation failed for request [ID] from [IP]:[PORT]
[x2] [ERROR] materialize Error: operation failed for request [ID] from [IP]:[PORT]
[x2] [ERROR] risingwave Error: operation failed for request [ID] from [IP]:[PORT]
[x2] [ERROR] emqx Error: operation failed for request [ID] from [IP]:[PORT]
[x2] [ERROR] mosquitto Error: operation failed for request [ID] from [IP]:[PORT]
[x2] [ERROR] aws sqs Error: operation failed for request [ID] from [IP]:[PORT]
[x2] [ERROR] aws sns Error: operation failed for request [ID] from [IP]:[PORT]
[x2] [ERROR] pub/sub Error: operation failed for request [ID] from [IP]:[PORT]
[x2] [ERROR] redpanda Error: operation failed for request [ID] from [IP]:[PORT]
[x2] [ERROR] zeromq Error: operation failed for request [ID] from [IP]:[PORT]
[x2] [ERROR] ibm mq Error: operation failed for request [ID] from [IP]:[PORT]
[x2] [ERROR] cloudformation Error: operation failed for request [ID] from [IP]:[PORT]
[x2] [ERROR] cloud custodian Error: operation failed for request [ID] from [IP]:[PORT]
[x2] [ERROR] infracost Error: operation failed for request [ID] from [IP]:[PORT]
[x2] [ERROR] terraform cloud Error: operation failed for request [ID] from [IP]:[PORT]
[x2] [ERROR] terraform enterprise Error: operation failed for request [ID] from [IP]:[PORT]
[x2] [ERROR] terraform Error: operation failed for request [ID] from [IP]:[PORT]
[x2] [ERROR] terragrunt Error: operation failed for request [ID] from [IP]:[PORT]
[x2] [ERROR] opentofu Error: operation failed for request [ID] from [IP]:[PORT]
[x2] [ERROR] atlantis Error: operation failed for request [ID] from [IP]:[PORT]
[x2] [ERROR] spacelift Error: operation failed for request [ID] from [IP]:[PORT]
[x2] [ERROR] ansible Error: operation failed for request [ID] from [IP]:[PORT]
[x2] [ERROR] pulumi Error: operation failed for request [ID] from [IP]:[PORT]
[x2] [ERROR] packer Error: operation failed for request [ID] from [IP]:[PORT]
[x2] [ERROR] chef Error: operation failed for request [ID] from [IP]:[PORT]
[x2] [ERROR] puppet Error: operation failed for request [ID] from [IP]:[PORT]
[x2] [ERROR] saltstack Error: operation failed for request [ID] from [IP]:[PORT]
[x2] [ERROR] vault Error: operation failed for request [ID] from [IP]:[PORT]
[x2] [ERROR] aws lambda Error: operation failed for request [ID] from [IP]:[PORT]
[x2] [ERROR] cloudwatch Error: operation failed for request [ID] from [IP]:[PORT]
[x2] [ERROR] cloud run Error: operation failed for request [ID] from [IP]:[PORT]
[x2] [ERROR] azure functions Error: operation failed for request [ID] from [IP]:[PORT]
[x2] [ERROR] cloud functions Error: operation failed for request [ID] from [IP]:[PORT]
[x2] [ERROR] aws ecs Error: operation failed for request [ID] from [IP]:[PORT]
[x2] [ERROR] aws eks Error: operation failed for request [ID] from [IP]:[PORT]
[x2] [ERROR] fargate Error: operation failed for request [ID] from [IP]:[PORT]
[x2] [ERROR] cloudfront Error: operation failed for request [ID] from [IP]:[PORT]
[x2] [ERROR] application load balancer Error: operation failed for request [ID] from [IP]:[PORT]
[x2] [ERROR] api gateway Error: operation failed for request [ID] from [IP]:[PORT]
[x2] [ERROR] azure aks Error: operation failed for request [ID] from [IP]:[PORT]
[x2] [ERROR] azure app service Error: operation failed for request [ID] from [IP]:[PORT]
[x2] [ERROR] google kubernetes engine Error: operation failed for request [ID] from [IP]:[PORT]
[x2] [ERROR] azure monitor Error: operation failed for request [ID] from [IP]:[PORT]
[x2] [ERROR] cloudflare Error: operation failed for request [ID] from [IP]:[PORT]
[x2] [ERROR] fastly Error: operation failed for request [ID] from [IP]:[PORT]
[x2] [ERROR] vercel Error: operation failed for request [ID] from [IP]:[PORT]
[x2] [ERROR] netlify Error: operation failed for request [ID] from [IP]:[PORT]
[x2] [ERROR] heroku Error: operation failed for request [ID] from [IP]:[PORT]
[x2] [ERROR] railway Error: operation failed for request [ID] from [IP]:[PORT]
[x2] [ERROR] fly.io Error: operation failed for request [ID] from [IP]:[PORT]
[x2] [ERROR] prometheus Error: operation failed for request [ID] from [IP]:[PORT]
[x2] [ERROR] grafana Error: operation failed for request [ID] from [IP]:[PORT]
[x2] [ERROR] loki Error: operation failed for request [ID] from [IP]:[PORT]
[x2] [ERROR] logstash Error: operation failed for request [ID] from [IP]:[PORT]
[x2] [ERROR] fluentd Error: operation failed for request [ID] from [IP]:[PORT]
[x2] [ERROR] fluent bit Error: operation failed for request [ID] from [IP]:[PORT]
[x2] [ERROR] graylog Error: operation failed for request [ID] from [IP]:[PORT]
[x2] [ERROR] splunk Error: operation failed for request [ID] from [IP]:[PORT]
[x2] [ERROR] kibana Error: operation failed for request [ID] from [IP]:[PORT]
[x2] [ERROR] zabbix Error: operation failed for request [ID] from [IP]:[PORT]
[x2] [ERROR] nagios Error: operation failed for request [ID] from [IP]:[PORT]
[x2] [ERROR] jaeger Error: operation failed for request [ID] from [IP]:[PORT]
[x2] [ERROR] zipkin Error: operation failed for request [ID] from [IP]:[PORT]
[x2] [ERROR] honeycomb Error: operation failed for request [ID] from [IP]:[PORT]
[x2] [ERROR] elastic apm Error: operation failed for request [ID] from [IP]:[PORT]
[x2] [ERROR] datadog Error: operation failed for request [ID] from [IP]:[PORT]
[x2] [ERROR] new relic Error: operation failed for request [ID] from [IP]:[PORT]
[x2] [ERROR] sentry Error: operation failed for request [ID] from [IP]:[PORT]
[x2] [ERROR] sumologic Error: operation failed for request [ID] from [IP]:[PORT]
[x2] [ERROR] logz.io Error: operation failed for request [ID] from [IP]:[PORT]
[x2] [ERROR] mezmo Error: operation failed for request [ID] from [IP]:[PORT]
[x2] [ERROR] parca Error: operation failed for request [ID] from [IP]:[PORT]
[x2] [ERROR] pixie Error: operation failed for request [ID] from [IP]:[PORT]
[x2] [ERROR] falco Error: operation failed for request [ID] from [IP]:[PORT]
[x2] [ERROR] aquasec Error: operation failed for request [ID] from [IP]:[PORT]
[x2] [ERROR] wiz Error: operation failed for request [ID] from [IP]:[PORT]
[x2] [ERROR] tenable Error: operation failed for request [ID] from [IP]:[PORT]
[x2] [ERROR] prisma cloud Error: operation failed for request [ID] from [IP]:[PORT]
[x2] [ERROR] qualys Error: operation failed for request [ID] from [IP]:[PORT]
[x2] [ERROR] crowdstrike Error: operation failed for request [ID] from [IP]:[PORT]
[x2] [ERROR] guardduty Error: operation failed for request [ID] from [IP]:[PORT]
[x2] [ERROR] security hub Error: operation failed for request [ID] from [IP]:[PORT]
[x2] [ERROR] cloudtrail Error: operation failed for request [ID] from [IP]:[PORT]
[x2] [ERROR] vanta Error: operation failed for request [ID] from [IP]:[PORT]
[x2] [ERROR] drata Error: operation failed for request [ID] from [IP]:[PORT]
[x2] [ERROR] panther Error: operation failed for request [ID] from [IP]:[PORT]
[x2] [ERROR] falcon logscale Error: operation failed for request [ID] from [IP]:[PORT]
[x2] [ERROR] owasp zap Error: operation failed for request [ID] from [IP]:[PORT]
[x2] [ERROR] sonatype nexus Error: operation failed for request [ID] from [IP]:[PORT]
[x2] [ERROR] artifactory Error: operation failed for request [ID] from [IP]:[PORT]
[x2] [ERROR] harbor Error: operation failed for request [ID] from [IP]:[PORT]
[x2] [ERROR] syslog Error: operation failed for request [ID] from [IP]:[PORT]
[x2] [ERROR] journald Error: operation failed for request [ID] from [IP]:[PORT]
[x2] [ERROR] hadoop Error: operation failed for request [ID] from [IP]:[PORT]
[x2] [ERROR] apache spark Error: operation failed for request [ID] from [IP]:[PORT]
[x2] [ERROR] apache flink Error: operation failed for request [ID] from [IP]:[PORT]
[x2] [ERROR] kubeflow Error: operation failed for request [ID] from [IP]:[PORT]
[x2] [ERROR] ray cluster Error: operation failed for request [ID] from [IP]:[PORT]
[x2] [ERROR] mlflow Error: operation failed for request [ID] from [IP]:[PORT]
[x2] [ERROR] langfuse Error: operation failed for request [ID] from [IP]:[PORT]
[x2] [ERROR] langsmith Error: operation failed for request [ID] from [IP]:[PORT]
[x2] [ERROR] arize phoenix Error: operation failed for request [ID] from [IP]:[PORT]
[x2] [ERROR] weights & biases Error: operation failed for request [ID] from [IP]:[PORT]
[x2] [ERROR] neptune.ai Error: operation failed for request [ID] from [IP]:[PORT]
[x2] [ERROR] mlrun Error: operation failed for request [ID] from [IP]:[PORT]
[x2] [ERROR] seldon core Error: operation failed for request [ID] from [IP]:[PORT]
[x2] [ERROR] kserve Error: operation failed for request [ID] from [IP]:[PORT]
[x2] [ERROR] bentoml Error: operation failed for request [ID] from [IP]:[PORT]
[x2] [ERROR] triton inference server Error: operation failed for request [ID] from [IP]:[PORT]
[x2] [ERROR] feast feature store Error: operation failed for request [ID] from [IP]:[PORT]
[x2] [ERROR] llamaindex Error: operation failed for request [ID] from [IP]:[PORT]
[x2] [ERROR] deepset haystack Error: operation failed for request [ID] from [IP]:[PORT]
[x2] [ERROR] milvus Error: operation failed for request [ID] from [IP]:[PORT]
[x2] [ERROR] qdrant Error: operation failed for request [ID] from [IP]:[PORT]
[x2] [ERROR] weaviate Error: operation failed for request [ID] from [IP]:[PORT]
[x2] [ERROR] pinecone Error: operation failed for request [ID] from [IP]:[PORT]
[x2] [ERROR] chromadb Error: operation failed for request [ID] from [IP]:[PORT]
[x2] [ERROR] vespa Error: operation failed for request [ID] from [IP]:[PORT]
[x2] [ERROR] singlestore Error: operation failed for request [ID] from [IP]:[PORT]
[x2] [ERROR] dbt run Error: operation failed for request [ID] from [IP]:[PORT]
[x2] [ERROR] dagster Error: operation failed for request [ID] from [IP]:[PORT]
[x2] [ERROR] airbyte Error: operation failed for request [ID] from [IP]:[PORT]
[x2] [ERROR] fivetran Error: operation failed for request [ID] from [IP]:[PORT]
[x2] [ERROR] stitch data Error: operation failed for request [ID] from [IP]:[PORT]
[x2] [ERROR] kafka connect Error: operation failed for request [ID] from [IP]:[PORT]
[x2] [ERROR] debezium Error: operation failed for request [ID] from [IP]:[PORT]
[x2] [ERROR] trino Error: operation failed for request [ID] from [IP]:[PORT]
[x2] [ERROR] presto Error: operation failed for request [ID] from [IP]:[PORT]
[x2] [ERROR] apache druid Error: operation failed for request [ID] from [IP]:[PORT]
[x2] [ERROR] apache pinot Error: operation failed for request [ID] from [IP]:[PORT]
[x2] [ERROR] snowflake Error: operation failed for request [ID] from [IP]:[PORT]
[x2] [ERROR] bigquery Error: operation failed for request [ID] from [IP]:[PORT]
[x2] [ERROR] redshift Error: operation failed for request [ID] from [IP]:[PORT]
[x2] [ERROR] azure synapse Error: operation failed for request [ID] from [IP]:[PORT]
[x2] [ERROR] databricks Error: operation failed for request [ID] from [IP]:[PORT]
[x2] [ERROR] tableau Error: operation failed for request [ID] from [IP]:[PORT]
[x2] [ERROR] power bi Error: operation failed for request [ID] from [IP]:[PORT]
[x2] [ERROR] metabase Error: operation failed for request [ID] from [IP]:[PORT]
[x2] [ERROR] apache superset Error: operation failed for request [ID] from [IP]:[PORT]
[x2] [ERROR] looker Error: operation failed for request [ID] from [IP]:[PORT]
[x2] [ERROR] qlik Error: operation failed for request [ID] from [IP]:[PORT]
[x2] [ERROR] mode analytics Error: operation failed for request [ID] from [IP]:[PORT]
[x2] [ERROR] apache beam Error: operation failed for request [ID] from [IP]:[PORT]
[x2] [ERROR] apache nifi Error: operation failed for request [ID] from [IP]:[PORT]
[x2] [ERROR] meltano Error: operation failed for request [ID] from [IP]:[PORT]
[x2] [ERROR] hevo data Error: operation failed for request [ID] from [IP]:[PORT]
[x2] [ERROR] matillion Error: operation failed for request [ID] from [IP]:[PORT]
[x2] [ERROR] talend Error: operation failed for request [ID] from [IP]:[PORT]
[x2] [ERROR] informatica Error: operation failed for request [ID] from [IP]:[PORT]
[x2] [ERROR] dataform Error: operation failed for request [ID] from [IP]:[PORT]
[x2] [ERROR] great expectations Error: operation failed for request [ID] from [IP]:[PORT]
[x2] [ERROR] monte carlo Error: operation failed for request [ID] from [IP]:[PORT]
[x2] [ERROR] soda core Error: operation failed for request [ID] from [IP]:[PORT]
[x2] [ERROR] apache hudi Error: operation failed for request [ID] from [IP]:[PORT]
[x2] [ERROR] delta lake Error: operation failed for request [ID] from [IP]:[PORT]
[x2] [ERROR] apache iceberg Error: operation failed for request [ID] from [IP]:[PORT]
[x2] [ERROR] starrocks Error: operation failed for request [ID] from [IP]:[PORT]
[x2] [ERROR] greenplum Error: operation failed for request [ID] from [IP]:[PORT]
[x2] [ERROR] teradata Error: operation failed for request [ID] from [IP]:[PORT]
[x2] [ERROR] supabase Error: operation failed for request [ID] from [IP]:[PORT]
[x2] [ERROR] firebase Error: operation failed for request [ID] from [IP]:[PORT]
[x2] [ERROR] hasura Error: operation failed for request [ID] from [IP]:[PORT]
[x2] [ERROR] gitpod Error: operation failed for request [ID] from [IP]:[PORT]
[x2] [ERROR] dynatrace Error: operation failed for request [ID] from [IP]:[PORT]
[x2] [ERROR] appdynamics Error: operation failed for request [ID] from [IP]:[PORT]
[x2] [ERROR] bugsnag Error: operation failed for request [ID] from [IP]:[PORT]
[x2] [ERROR] rollbar Error: operation failed for request [ID] from [IP]:[PORT]
[x2] [ERROR] lacework Error: operation failed for request [ID] from [IP]:[PORT]
[x2] [ERROR] openstack Error: operation failed for request [ID] from [IP]:[PORT]
[x2] [ERROR] oracle cloud infrastructure Error: operation failed for request [ID] from [IP]:[PORT]
[x2] [ERROR] alibaba cloud Error: operation failed for request [ID] from [IP]:[PORT]
[x2] [ERROR] tencent cloud Error: operation failed for request [ID] from [IP]:[PORT]
[x2] [ERROR] digitalocean Error: operation failed for request [ID] from [IP]:[PORT]
[x2] [ERROR] linode Error: operation failed for request [ID] from [IP]:[PORT]
[x2] [ERROR] minio Error: operation failed for request [ID] from [IP]:[PORT]
[x2] [ERROR] ceph Error: operation failed for request [ID] from [IP]:[PORT]
[x2] [ERROR] etcd Error: operation failed for request [ID] from [IP]:[PORT]
[x2] [ERROR] zookeeper Error: operation failed for request [ID] from [IP]:[PORT]
[x2] [ERROR] kong gateway Error: operation failed for request [ID] from [IP]:[PORT]
[x2] [ERROR] apache apisix Error: operation failed for request [ID] from [IP]:[PORT]
[x2] [ERROR] keycloak Error: operation failed for request [ID] from [IP]:[PORT]
[x2] [ERROR] okta Error: operation failed for request [ID] from [IP]:[PORT]
[x2] [ERROR] auth0 Error: operation failed for request [ID] from [IP]:[PORT]
[x2] [ERROR] launchdarkly Error: operation failed for request [ID] from [IP]:[PORT]
[x2] [ERROR] unleash Error: operation failed for request [ID] from [IP]:[PORT]
[x2] [ERROR] split.io Error: operation failed for request [ID] from [IP]:[PORT]
[x2] [ERROR] flagsmith Error: operation failed for request [ID] from [IP]:[PORT]
[x2] [ERROR] pagerduty Error: operation failed for request [ID] from [IP]:[PORT]
[x2] [ERROR] opsgenie Error: operation failed for request [ID] from [IP]:[PORT]
[x2] [ERROR] victorops Error: operation failed for request [ID] from [IP]:[PORT]
[x2] [ERROR] statuspage Error: operation failed for request [ID] from [IP]:[PORT]
[x2] [ERROR] incident.io Error: operation failed for request [ID] from [IP]:[PORT]
[x2] [ERROR] firehydrant Error: operation failed for request [ID] from [IP]:[PORT]
[x2] [ERROR] rootly Error: operation failed for request [ID] from [IP]:[PORT]
[x2] [ERROR] squadcast Error: operation failed for request [ID] from [IP]:[PORT]
[x2] [ERROR] grafana oncall Error: operation failed for request [ID] from [IP]:[PORT]
[x2] [ERROR] cloudbees Error: operation failed for request [ID] from [IP]:[PORT]
[x2] [ERROR] jenkins x Error: operation failed for request [ID] from [IP]:[PORT]
[x2] [ERROR] backstage Error: operation failed for request [ID] from [IP]:[PORT]
[x2] [ERROR] portainer Error: operation failed for request [ID] from [IP]:[PORT]
[x2] [ERROR] rancher Error: operation failed for request [ID] from [IP]:[PORT]
[x2] [ERROR] longhorn Error: operation failed for request [ID] from [IP]:[PORT]
[x2] [ERROR] rook-ceph Error: operation failed for request [ID] from [IP]:[PORT]
[x2] [ERROR] temporal Error: operation failed for request [ID] from [IP]:[PORT]
[x2] [ERROR] prefect Error: operation failed for request [ID] from [IP]:[PORT]
[x2] [ERROR] camunda Error: operation failed for request [ID] from [IP]:[PORT]
[x2] [ERROR] zeebe Error: operation failed for request [ID] from [IP]:[PORT]
[x2] [ERROR] n8n Error: operation failed for request [ID] from [IP]:[PORT]
[x2] [ERROR] mulesoft Error: operation failed for request [ID] from [IP]:[PORT]
[x2] [ERROR] boomi Error: operation failed for request [ID] from [IP]:[PORT]
[x2] [ERROR] apigee Error: operation failed for request [ID] from [IP]:[PORT]
[x2] [ERROR] gravitee Error: operation failed for request [ID] from [IP]:[PORT]
[x2] [ERROR] kong konnect Error: operation failed for request [ID] from [IP]:[PORT]
[x2] [ERROR] consul connect Error: operation failed for request [ID] from [IP]:[PORT]
[x2] [ERROR] hashicorp boundary Error: operation failed for request [ID] from [IP]:[PORT]
[x2] [ERROR] gremlin Error: operation failed for request [ID] from [IP]:[PORT]
[x2] [ERROR] litmuschaos Error: operation failed for request [ID] from [IP]:[PORT]
[x2] [ERROR] chaos mesh Error: operation failed for request [ID] from [IP]:[PORT]
[x2] [ERROR] steadybit Error: operation failed for request [ID] from [IP]:[PORT]
[x2] [ERROR] eventbridge Error: operation failed for request [ID] from [IP]:[PORT]
[x2] [ERROR] step functions Error: operation failed for request [ID] from [IP]:[PORT]
[x2] [ERROR] dapr Error: operation failed for request [ID] from [IP]:[PORT]
[x2] [ERROR] eventarc Error: operation failed for request [ID] from [IP]:[PORT]
[x2] [ERROR] workato Error: operation failed for request [ID] from [IP]:[PORT]
[x2] [ERROR] tray.io Error: operation failed for request [ID] from [IP]:[PORT]
[x2] [ERROR] k6 run Error: operation failed for request [ID] from [IP]:[PORT]
[x2] [ERROR] gatling Error: operation failed for request [ID] from [IP]:[PORT]
[x2] [ERROR] locust Error: operation failed for request [ID] from [IP]:[PORT]
[x2] [ERROR] jmeter Error: operation failed for request [ID] from [IP]:[PORT]
[x2] [ERROR] artillery Error: operation failed for request [ID] from [IP]:[PORT]
[x2] [ERROR] vegeta Error: operation failed for request [ID] from [IP]:[PORT]
[x2] [ERROR] fortio Error: operation failed for request [ID] from [IP]:[PORT]
[x2] [ERROR] chaosblade Error: operation failed for request [ID] from [IP]:[PORT]
[x2] [ERROR] salesforce Error: operation failed for request [ID] from [IP]:[PORT]
[x2] [ERROR] servicenow Error: operation failed for request [ID] from [IP]:[PORT]
[x2] [ERROR] jira Error: operation failed for request [ID] from [IP]:[PORT]
[x2] [ERROR] confluence Error: operation failed for request [ID] from [IP]:[PORT]
[x2] [ERROR] slack Error: operation failed for request [ID] from [IP]:[PORT]
[x2] [ERROR] workday Error: operation failed for request [ID] from [IP]:[PORT]
[x2] [ERROR] netsuite Error: operation failed for request [ID] from [IP]:[PORT]
[x2] [ERROR] sap Error: operation failed for request [ID] from [IP]:[PORT]
[x2] [ERROR] zendesk Error: operation failed for request [ID] from [IP]:[PORT]
[x2] [ERROR] freshdesk Error: operation failed for request [ID] from [IP]:[PORT]
[x2] [ERROR] hubspot Error: operation failed for request [ID] from [IP]:[PORT]
[x2] [ERROR] stripe Error: operation failed for request [ID] from [IP]:[PORT]
[x2] [ERROR] adyen Error: operation failed for request [ID] from [IP]:[PORT]
[x2] [ERROR] braintree Error: operation failed for request [ID] from [IP]:[PORT]
[x2] [ERROR] paypal Error: operation failed for request [ID] from [IP]:[PORT]
[x2] [ERROR] square Error: operation failed for request [ID] from [IP]:[PORT]
[x2] [ERROR] plaid Error: operation failed for request [ID] from [IP]:[PORT]
[x2] [ERROR] twilio Error: operation failed for request [ID] from [IP]:[PORT]
[x2] [ERROR] sendgrid Error: operation failed for request [ID] from [IP]:[PORT]
[x2] [ERROR] mailgun Error: operation failed for request [ID] from [IP]:[PORT]
[x2] [ERROR] segment Error: operation failed for request [ID] from [IP]:[PORT]
[x2] [ERROR] rudderstack Error: operation failed for request [ID] from [IP]:[PORT]
[x2] [ERROR] opentelemetry Error: operation failed for request [ID] from [IP]:[PORT]
[x2] [ERROR] express Error: operation failed for request [ID] from [IP]:[PORT]
[x2] [ERROR] fastify Error: operation failed for request [ID] from [IP]:[PORT]
[x2] [ERROR] hapi Error: operation failed for request [ID] from [IP]:[PORT]
[x2] [ERROR] koa Error: operation failed for request [ID] from [IP]:[PORT]
[x2] [ERROR] nestjs Error: operation failed for request [ID] from [IP]:[PORT]
[x2] [ERROR] next.js Error: operation failed for request [ID] from [IP]:[PORT]
[x2] [ERROR] nuxt Error: operation failed for request [ID] from [IP]:[PORT]
[x2] [ERROR] sveltekit Error: operation failed for request [ID] from [IP]:[PORT]
[x2] [ERROR] remix Error: operation failed for request [ID] from [IP]:[PORT]
[x2] [ERROR] astro Error: operation failed for request [ID] from [IP]:[PORT]
[x2] [ERROR] adonisjs Error: operation failed for request [ID] from [IP]:[PORT]
[x2] [ERROR] hono Error: operation failed for request [ID] from [IP]:[PORT]
[x2] [ERROR] deno Error: operation failed for request [ID] from [IP]:[PORT]
[x2] [ERROR] elysia Error: operation failed for request [ID] from [IP]:[PORT]
[x2] [ERROR] feathers Error: operation failed for request [ID] from [IP]:[PORT]
[x2] [ERROR] pino Error: operation failed for request [ID] from [IP]:[PORT]
[x2] [ERROR] winston Error: operation failed for request [ID] from [IP]:[PORT]
[x2] [ERROR] bunyan Error: operation failed for request [ID] from [IP]:[PORT]
[x2] [ERROR] morgan Error: operation failed for request [ID] from [IP]:[PORT]
[x2] [ERROR] log4js Error: operation failed for request [ID] from [IP]:[PORT]
[x2] [ERROR] log4j Error: operation failed for request [ID] from [IP]:[PORT]
[x2] [ERROR] slf4j Error: operation failed for request [ID] from [IP]:[PORT]
[x2] [ERROR] zap logger Error: operation failed for request [ID] from [IP]:[PORT]
[x2] [ERROR] zerolog Error: operation failed for request [ID] from [IP]:[PORT]
[x2] [ERROR] structlog Error: operation failed for request [ID] from [IP]:[PORT]
[x2] [ERROR] loguru Error: operation failed for request [ID] from [IP]:[PORT]
[x2] [ERROR] spdlog Error: operation failed for request [ID] from [IP]:[PORT]
[x2] [ERROR] react native Error: operation failed for request [ID] from [IP]:[PORT]
[x2] [ERROR] flutter Error: operation failed for request [ID] from [IP]:[PORT]
[x2] [ERROR] expo Error: operation failed for request [ID] from [IP]:[PORT]
[x2] [ERROR] capacitor Error: operation failed for request [ID] from [IP]:[PORT]
[x2] [ERROR] ionic Error: operation failed for request [ID] from [IP]:[PORT]
[x2] [ERROR] electron Error: operation failed for request [ID] from [IP]:[PORT]
[x2] [ERROR] tauri Error: operation failed for request [ID] from [IP]:[PORT]
[x2] [ERROR] qt framework Error: operation failed for request [ID] from [IP]:[PORT]
[x2] [ERROR] wordpress Error: operation failed for request [ID] from [IP]:[PORT]
[x2] [ERROR] drupal Error: operation failed for request [ID] from [IP]:[PORT]
[x2] [ERROR] strapi Error: operation failed for request [ID] from [IP]:[PORT]
[x2] [ERROR] ghost cms Error: operation failed for request [ID] from [IP]:[PORT]
[x2] [ERROR] contentful Error: operation failed for request [ID] from [IP]:[PORT]
[x2] [ERROR] sanity.io Error: operation failed for request [ID] from [IP]:[PORT]
[x2] [ERROR] payload cms Error: operation failed for request [ID] from [IP]:[PORT]
[x2] [ERROR] directus Error: operation failed for request [ID] from [IP]:[PORT]
[x2] [ERROR] webflow Error: operation failed for request [ID] from [IP]:[PORT]
[x2] [ERROR] shopify Error: operation failed for request [ID] from [IP]:[PORT]
[x2] [ERROR] magento Error: operation failed for request [ID] from [IP]:[PORT]
[x2] [ERROR] woocommerce Error: operation failed for request [ID] from [IP]:[PORT]
[x2] [ERROR] bigcommerce Error: operation failed for request [ID] from [IP]:[PORT]
[x2] [ERROR] medusajs Error: operation failed for request [ID] from [IP]:[PORT]
[x2] [ERROR] meilisearch Error: operation failed for request [ID] from [IP]:[PORT]
[x2] [ERROR] typesense Error: operation failed for request [ID] from [IP]:[PORT]
[x2] [ERROR] solr Error: operation failed for request [ID] from [IP]:[PORT]
[x2] [ERROR] algolia Error: operation failed for request [ID] from [IP]:[PORT]
[x2] [ERROR] tomcat Error: operation failed for request [ID] from [IP]:[PORT]
[x2] [ERROR] jetty Error: operation failed for request [ID] from [IP]:[PORT]
[x2] [ERROR] wildfly Error: operation failed for request [ID] from [IP]:[PORT]
[x2] [ERROR] glassfish Error: operation failed for request [ID] from [IP]:[PORT]
[x2] [ERROR] websphere Error: operation failed for request [ID] from [IP]:[PORT]
[x2] [ERROR] weblogic Error: operation failed for request [ID] from [IP]:[PORT]
[x2] [ERROR] micronaut Error: operation failed for request [ID] from [IP]:[PORT]
[x2] [ERROR] quarkus Error: operation failed for request [ID] from [IP]:[PORT]
[x2] [ERROR] vert.x Error: operation failed for request [ID] from [IP]:[PORT]
[x2] [ERROR] helidon Error: operation failed for request [ID] from [IP]:[PORT]
[x2] [ERROR] jakarta ee Error: operation failed for request [ID] from [IP]:[PORT]
[x2] [ERROR] ruff Error: operation failed for request [ID] from [IP]:[PORT]
[x2] [ERROR] mypy Error: operation failed for request [ID] from [IP]:[PORT]
[x2] [ERROR] pyright Error: operation failed for request [ID] from [IP]:[PORT]
[x2] [ERROR] pylint Error: operation failed for request [ID] from [IP]:[PORT]
[x2] [ERROR] isort Error: operation failed for request [ID] from [IP]:[PORT]
[x2] [ERROR] aiohttp Error: operation failed for request [ID] from [IP]:[PORT]
[x2] [ERROR] sanic Error: operation failed for request [ID] from [IP]:[PORT]
[x2] [ERROR] tornado Error: operation failed for request [ID] from [IP]:[PORT]
[x2] [ERROR] twisted Error: operation failed for request [ID] from [IP]:[PORT]
[x2] [ERROR] scrapy Error: operation failed for request [ID] from [IP]:[PORT]
[x2] [ERROR] echo lab Error: operation failed for request [ID] from [IP]:[PORT]
[x2] [ERROR] fiber Error: operation failed for request [ID] from [IP]:[PORT]
[x2] [ERROR] chi router Error: operation failed for request [ID] from [IP]:[PORT]
[x2] [ERROR] buffalo Error: operation failed for request [ID] from [IP]:[PORT]
[x2] [ERROR] revel Error: operation failed for request [ID] from [IP]:[PORT]
[x2] [ERROR] go-kit Error: operation failed for request [ID] from [IP]:[PORT]
[x2] [ERROR] go-micro Error: operation failed for request [ID] from [IP]:[PORT]
[x2] [ERROR] rocket.rs Error: operation failed for request [ID] from [IP]:[PORT]
[x2] [ERROR] warp filter Error: operation failed for request [ID] from [IP]:[PORT]
[x2] [ERROR] axum Error: operation failed for request [ID] from [IP]:[PORT]
[x2] [ERROR] tide Error: operation failed for request [ID] from [IP]:[PORT]
[x2] [ERROR] sinatra Error: operation failed for request [ID] from [IP]:[PORT]
[x2] [ERROR] hanami Error: operation failed for request [ID] from [IP]:[PORT]
[x2] [ERROR] puma webserver Error: operation failed for request [ID] from [IP]:[PORT]
[x2] [ERROR] unicorn worker Error: operation failed for request [ID] from [IP]:[PORT]
[x2] [ERROR] passenger Error: operation failed for request [ID] from [IP]:[PORT]
[x2] [ERROR] prisma Error: operation failed for request [ID] from [IP]:[PORT]
[x2] [ERROR] drizzle-orm Error: operation failed for request [ID] from [IP]:[PORT]
[x2] [ERROR] typeorm Error: operation failed for request [ID] from [IP]:[PORT]
[x2] [ERROR] sequelize Error: operation failed for request [ID] from [IP]:[PORT]
[x2] [ERROR] knex Error: operation failed for request [ID] from [IP]:[PORT]
[x2] [ERROR] flyway Error: operation failed for request [ID] from [IP]:[PORT]
[x2] [ERROR] liquibase Error: operation failed for request [ID] from [IP]:[PORT]
[x2] [ERROR] alembic Error: operation failed for request [ID] from [IP]:[PORT]
[x2] [ERROR] sqlalchemy Error: operation failed for request [ID] from [IP]:[PORT]
[x2] [ERROR] mongoose Error: operation failed for request [ID] from [IP]:[PORT]
[x2] [ERROR] mikro-orm Error: operation failed for request [ID] from [IP]:[PORT]
[x2] [ERROR] objection.js Error: operation failed for request [ID] from [IP]:[PORT]
[x2] [ERROR] cloudflare workers Error: operation failed for request [ID] from [IP]:[PORT]
[x2] [ERROR] deno deploy Error: operation failed for request [ID] from [IP]:[PORT]
[x2] [ERROR] serverless framework Error: operation failed for request [ID] from [IP]:[PORT]
[x2] [ERROR] openwhisk Error: operation failed for request [ID] from [IP]:[PORT]
[x2] [ERROR] nuclio Error: operation failed for request [ID] from [IP]:[PORT]
[x2] [ERROR] socket.io Error: operation failed for request [ID] from [IP]:[PORT]
[x2] [ERROR] pusher Error: operation failed for request [ID] from [IP]:[PORT]
[x2] [ERROR] ably Error: operation failed for request [ID] from [IP]:[PORT]
[x2] [ERROR] livekit Error: operation failed for request [ID] from [IP]:[PORT]
[x2] [ERROR] centrifugo Error: operation failed for request [ID] from [IP]:[PORT]
[x2] [ERROR] apollo server Error: operation failed for request [ID] from [IP]:[PORT]
[x2] [ERROR] graphql yoga Error: operation failed for request [ID] from [IP]:[PORT]
[x2] [ERROR] mercurius Error: operation failed for request [ID] from [IP]:[PORT]
[x2] [ERROR] dgraph Error: operation failed for request [ID] from [IP]:[PORT]
[x2] [ERROR] instana Error: operation failed for request [ID] from [IP]:[PORT]
[x2] [ERROR] signalfx Error: operation failed for request [ID] from [IP]:[PORT]
[x2] [ERROR] lightstep Error: operation failed for request [ID] from [IP]:[PORT]
[x2] [ERROR] thanos Error: operation failed for request [ID] from [IP]:[PORT]
[x2] [ERROR] cortexmetrics Error: operation failed for request [ID] from [IP]:[PORT]
[x2] [ERROR] victoriametrics Error: operation failed for request [ID] from [IP]:[PORT]
[x2] [ERROR] grafana tempo Error: operation failed for request [ID] from [IP]:[PORT]
[x2] [ERROR] openai Error: operation failed for request [ID] from [IP]:[PORT]
[x2] [ERROR] huggingface Error: operation failed for request [ID] from [IP]:[PORT]
[x2] [ERROR] ollama Error: operation failed for request [ID] from [IP]:[PORT]
[x2] [ERROR] vllm Error: operation failed for request [ID] from [IP]:[PORT]
[x2] [ERROR] torchserve Error: operation failed for request [ID] from [IP]:[PORT]
[x2] [ERROR] comfyui Error: operation failed for request [ID] from [IP]:[PORT]
[x2] [ERROR] stable diffusion Error: operation failed for request [ID] from [IP]:[PORT]
[x2] [ERROR] deepspeed Error: operation failed for request [ID] from [IP]:[PORT]
[x2] [ERROR] llama.cpp Error: operation failed for request [ID] from [IP]:[PORT]
[x2] [ERROR] clerk Error: operation failed for request [ID] from [IP]:[PORT]
[x2] [ERROR] firebase auth Error: operation failed for request [ID] from [IP]:[PORT]
[x2] [ERROR] supabase auth Error: operation failed for request [ID] from [IP]:[PORT]
[x2] [ERROR] authelia Error: operation failed for request [ID] from [IP]:[PORT]
[x2] [ERROR] lldap Error: operation failed for request [ID] from [IP]:[PORT]
[x2] [ERROR] dex idp Error: operation failed for request [ID] from [IP]:[PORT]
[x2] [ERROR] zitadel Error: operation failed for request [ID] from [IP]:[PORT]
[x2] [ERROR] secrets manager Error: operation failed for request [ID] from [IP]:[PORT]
[x2] [ERROR] aws kms Error: operation failed for request [ID] from [IP]:[PORT]
[x2] [ERROR] doppler Error: operation failed for request [ID] from [IP]:[PORT]
[x2] [ERROR] infisical Error: operation failed for request [ID] from [IP]:[PORT]
[x2] [ERROR] ssm parameter Error: operation failed for request [ID] from [IP]:[PORT]
[x2] [ERROR] s3 bucket Error: operation failed for request [ID] from [IP]:[PORT]
[x2] [ERROR] google cloud storage Error: operation failed for request [ID] from [IP]:[PORT]
[x2] [ERROR] azure blob Error: operation failed for request [ID] from [IP]:[PORT]
[x2] [ERROR] backblaze b2 Error: operation failed for request [ID] from [IP]:[PORT]
[x2] [ERROR] wasabi Error: operation failed for request [ID] from [IP]:[PORT]
[x2] [ERROR] akamai Error: operation failed for request [ID] from [IP]:[PORT]
[x2] [ERROR] imperva Error: operation failed for request [ID] from [IP]:[PORT]
[x2] [ERROR] unity Error: operation failed for request [ID] from [IP]:[PORT]
[x2] [ERROR] unreal engine Error: operation failed for request [ID] from [IP]:[PORT]
[x2] [ERROR] godot engine Error: operation failed for request [ID] from [IP]:[PORT]
[x2] [ERROR] bevy engine Error: operation failed for request [ID] from [IP]:[PORT]
[x2] [ERROR] platformio Error: operation failed for request [ID] from [IP]:[PORT]
[x2] [ERROR] arduino Error: operation failed for request [ID] from [IP]:[PORT]
[x2] [ERROR] esphome Error: operation failed for request [ID] from [IP]:[PORT]
[x2] [ERROR] home assistant Error: operation failed for request [ID] from [IP]:[PORT]
[x2] [ERROR] tasmota Error: operation failed for request [ID] from [IP]:[PORT]
[x2] [ERROR] openhab Error: operation failed for request [ID] from [IP]:[PORT]
[x2] [ERROR] wireguard Error: operation failed for request [ID] from [IP]:[PORT]
[x2] [ERROR] tailscale Error: operation failed for request [ID] from [IP]:[PORT]
[x2] [ERROR] ngrok Error: operation failed for request [ID] from [IP]:[PORT]
[x2] [ERROR] cloudflare tunnel Error: operation failed for request [ID] from [IP]:[PORT]
[x2] [ERROR] zerotier Error: operation failed for request [ID] from [IP]:[PORT]
[x2] [ERROR] posthog Error: operation failed for request [ID] from [IP]:[PORT]
[x2] [ERROR] amplitude Error: operation failed for request [ID] from [IP]:[PORT]
[x2] [ERROR] mixpanel Error: operation failed for request [ID] from [IP]:[PORT]
[x2] [ERROR] heap analytics Error: operation failed for request [ID] from [IP]:[PORT]
[x2] [ERROR] plausible Error: operation failed for request [ID] from [IP]:[PORT]
[x2] [ERROR] matomo Error: operation failed for request [ID] from [IP]:[PORT]
[x2] [ERROR] countly Error: operation failed for request [ID] from [IP]:[PORT]
[x2] [ERROR] amazon ses Error: operation failed for request [ID] from [IP]:[PORT]
[x2] [ERROR] mailchimp Error: operation failed for request [ID] from [IP]:[PORT]
[x2] [ERROR] brevo Error: operation failed for request [ID] from [IP]:[PORT]
[x2] [ERROR] postmark Error: operation failed for request [ID] from [IP]:[PORT]
[x2] [ERROR] resend Error: operation failed for request [ID] from [IP]:[PORT]
[x2] [ERROR] sparkpost Error: operation failed for request [ID] from [IP]:[PORT]
[x2] [ERROR] surrealdb Error: operation failed for request [ID] from [IP]:[PORT]
[x2] [ERROR] planetscale Error: operation failed for request [ID] from [IP]:[PORT]
[x2] [ERROR] neon database Error: operation failed for request [ID] from [IP]:[PORT]
[x2] [ERROR] cloudflare d1 Error: operation failed for request [ID] from [IP]:[PORT]
[x2] [ERROR] tigerbeetle Error: operation failed for request [ID] from [IP]:[PORT]
[x2] [ERROR] foundationdb Error: operation failed for request [ID] from [IP]:[PORT]
[x2] [ERROR] apache geode Error: operation failed for request [ID] from [IP]:[PORT]
[x2] [ERROR] orientdb Error: operation failed for request [ID] from [IP]:[PORT]
[x2] [ERROR] arangodb Error: operation failed for request [ID] from [IP]:[PORT]
[x2] [ERROR] bitrise Error: operation failed for request [ID] from [IP]:[PORT]
[x2] [ERROR] codemagic Error: operation failed for request [ID] from [IP]:[PORT]
[x2] [ERROR] app center Error: operation failed for request [ID] from [IP]:[PORT]
[x2] [ERROR] fastlane Error: operation failed for request [ID] from [IP]:[PORT]
[x2] [ERROR] dagger Error: operation failed for request [ID] from [IP]:[PORT]
[x2] [ERROR] woodpecker Error: operation failed for request [ID] from [IP]:[PORT]
[x2] [ERROR] agola Error: operation failed for request [ID] from [IP]:[PORT]
[x2] [ERROR] testcafe Error: operation failed for request [ID] from [IP]:[PORT]
[x2] [ERROR] nightwatch Error: operation failed for request [ID] from [IP]:[PORT]
[x2] [ERROR] webdriverio Error: operation failed for request [ID] from [IP]:[PORT]
[x2] [ERROR] selenium Error: operation failed for request [ID] from [IP]:[PORT]
[x2] [ERROR] cucumber Error: operation failed for request [ID] from [IP]:[PORT]
[x2] [ERROR] robot framework Error: operation failed for request [ID] from [IP]:[PORT]
[x2] [ERROR] behave Error: operation failed for request [ID] from [IP]:[PORT]
[x2] [ERROR] rakyll/hey Error: operation failed for request [ID] from [IP]:[PORT]
[x2] [ERROR] wg/wrk Error: operation failed for request [ID] from [IP]:[PORT]
[x2] [ERROR] docusaurus Error: operation failed for request [ID] from [IP]:[PORT]
[x2] [ERROR] mkdocs-material Error: operation failed for request [ID] from [IP]:[PORT]
[x2] [ERROR] sphinx Error: operation failed for request [ID] from [IP]:[PORT]
[x2] [ERROR] mdbook Error: operation failed for request [ID] from [IP]:[PORT]
[x2] [ERROR] kestra Error: operation failed for request [ID] from [IP]:[PORT]
[x2] [ERROR] windmill Error: operation failed for request [ID] from [IP]:[PORT]
[x2] [ERROR] inngest Error: operation failed for request [ID] from [IP]:[PORT]
[x2] [ERROR] trigger.dev Error: operation failed for request [ID] from [IP]:[PORT]
[x2] [ERROR] bullmq Error: operation failed for request [ID] from [IP]:[PORT]
[x2] [ERROR] bull redis Error: operation failed for request [ID] from [IP]:[PORT]
[x2] [ERROR] aws cdk Error: operation failed for request [ID] from [IP]:[PORT]
[x2] [ERROR] cdktf Error: operation failed for request [ID] from [IP]:[PORT]
[x2] [ERROR] minikube Error: operation failed for request [ID] from [IP]:[PORT]
[x2] [ERROR] kind create Error: operation failed for request [ID] from [IP]:[PORT]
[x2] [ERROR] k3s Error: operation failed for request [ID] from [IP]:[PORT]
[x2] [ERROR] k3d Error: operation failed for request [ID] from [IP]:[PORT]
[x2] [ERROR] langchain Error: operation failed for request [ID] from [IP]:[PORT]
[x2] [ERROR] opencost Error: operation failed for request [ID] from [IP]:[PORT]
[x2] [ERROR] kubecost Error: operation failed for request [ID] from [IP]:[PORT]
[x2] [ERROR] cost explorer Error: operation failed for request [ID] from [IP]:[PORT]
[x2] [ERROR] open policy agent Error: operation failed for request [ID] from [IP]:[PORT]
[x2] [ERROR] sentinel policy Error: operation failed for request [ID] from [IP]:[PORT]
[x2] [ERROR] puppeteer Error: operation failed for request [ID] from [IP]:[PORT]
[x2] [ERROR] playwright test Error: operation failed for request [ID] from [IP]:[PORT]
[x2] [ERROR] amazon ecr Error: operation failed for request [ID] from [IP]:[PORT]
[x2] [ERROR] gcr.io Error: operation failed for request [ID] from [IP]:[PORT]
[x2] [ERROR] azure container registry Error: operation failed for request [ID] from [IP]:[PORT]
[x2] [ERROR] cosign Error: operation failed for request [ID] from [IP]:[PORT]
[x2] [ERROR] sbom Error: operation failed for request [ID] from [IP]:[PORT]
[x2] [ERROR] syft Error: operation failed for request [ID] from [IP]:[PORT]
[x2] [ERROR] openssf scorecard Error: operation failed for request [ID] from [IP]:[PORT]
[x2] [ERROR] gitlab.com Error: operation failed for request [ID] from [IP]:[PORT]
[x2] [ERROR] bitbucket Error: operation failed for request [ID] from [IP]:[PORT]
[x2] [ERROR] pre-commit Error: operation failed for request [ID] from [IP]:[PORT]
[x2] [ERROR] husky Error: operation failed for request [ID] from [IP]:[PORT]
[x2] [ERROR] graalvm Error: operation failed for request [ID] from [IP]:[PORT]
[x2] [ERROR] hotspot Error: operation failed for request [ID] from [IP]:[PORT]
[x2] [ERROR] v8 engine Error: operation failed for request [ID] from [IP]:[PORT]
[x2] [ERROR] cpython Error: operation failed for request [ID] from [IP]:[PORT]
[x2] [ERROR] coredns Error: operation failed for request [ID] from [IP]:[PORT]
[x2] [ERROR] powerdns Error: operation failed for request [ID] from [IP]:[PORT]
[x2] [ERROR] bind9 Error: operation failed for request [ID] from [IP]:[PORT]
[x2] [ERROR] app mesh Error: operation failed for request [ID] from [IP]:[PORT]
[x2] [ERROR] consul service mesh Error: operation failed for request [ID] from [IP]:[PORT]
[x2] [ERROR] velero Error: operation failed for request [ID] from [IP]:[PORT]
[x2] [ERROR] restic Error: operation failed for request [ID] from [IP]:[PORT]
[x2] [ERROR] borg backup Error: operation failed for request [ID] from [IP]:[PORT]
