[ERROR] clerk.dev Error: ClerkAuthenticationError: invalid session token for user [ID]
    at clerk/lib/session.js:42 in verify
    at clerk/lib/middleware.js:88 in authenticate
[ERROR] authelia portal Error: AuthenticationFailed: too many failed attempts for user admin from [IP]
    at authelia/internal/middleware/auth.go:42 in verify
    at authelia/internal/server/server.go:88 in handle
[ERROR] lldap Error: LDAPBindError: invalid credentials for uid=admin,ou=people
    at lldap/src/handler.rs:42 in bind
    at lldap/src/server.rs:88 in connection_handler
[ERROR] dex idp Error: ConnectorError: failed to connect to upstream LDAP at [IP]:[PORT]
    at dexidp/dex/connector/ldap.go:42 in authenticate
    at dexidp/dex/server/handle.go:88 in handle
[ERROR] zitadel Error: ZitadelError: organization not found - default org has been deleted
    at zitadel/auth/service.go:42 in resolveOrg
    at zitadel/auth/handler.go:88 in serve
[ERROR] firebase auth Error: FirebaseAuthError: id-token-expired - token has been expired for 3600s
    at firebaseauthentication/verify.js:42 in verifyIdToken
    at firebaseauthentication/admin.js:88 in auth
[ERROR] doppler secrets Error: DopplerError: secret rotation failed - cannot connect to Doppler API at [IP]
    at doppler/lib/secret.js:42 in rotate
    at doppler/lib/client.js:88 in request
[ERROR] infisical scan Error: InfisicalError: failed to scan 12 files - API token expired at [IP]
    at infisical/lib/scanner.js:42 in scan
    at infisical/lib/client.js:88 in authenticate
[ERROR] secrets manager Error: InvalidParameterException: secret value contains invalid characters at [IP]
    at aws secretsmanager/lib/client.js:42 in putSecret
    at aws secretsmanager/lib/rotation.js:88 in rotate
[ERROR] aws kms Error: KeyUnavailableException: key policy prevents decryption for arn:aws:kms:us-east-1:123456789012
    at aws kms/lib/client.js:42 in decrypt
    at aws kms/lib/provider.js:88 in resolveKey
[ERROR] aws ssm parameter Error: ParameterStoreError: throttled - rate exceeded for GetParameters
    at amazon ssm/lib/client.js:42 in getParameters
    at amazon ssm/lib/manager.js:88 in resolve
[x2] [ERROR] [TIME] clerk.dev Error: session [ID] expired from [IP]:[PORT]
[FATAL] [TIME] vault sealed - cannot unseal with provided keys commit=[HASH]
