[ERROR] meilisearch index Error: MeilisearchCommunicationError: connection refused to [IP]:[PORT]
    at meilisearch/lib/src/index.rs:42 in update
    at meilisearch/lib/src/runner.rs:88 in execute
[ERROR] typesense server Error: TypesenseError: Out of memory during indexing of 42000 documents
    at typesense/server/src/indices_manager.rs:42 in index_batch
    at typesense/server/src/main.rs:88 in run
[ERROR] apache solr Error: SolrException: Error opening new searcher - too many open files
    at solrconfig/solr/core/src/java/org/apache/solr/core/SolrCore.java:42 in openSearcher
    at solrconfig/solr/core/src/java/org/apache/solr/update/DirectUpdateHandler2.java:88 in commit
[ERROR] algolia index Error: AlgoliaAPIError: [HTTP 4xx] Too many requests - quota exceeded
    at algolia/lib/src/index.py:42 in save_objects
    at algolia/lib/src/client.py:88 in request
[ERROR] posthog capture Error: QueueFullError: event buffer overflow - 12000 events dropped
    at posthog/lib/posthog.py:42 in capture
    at posthog/lib/consumer.py:88 in send
[ERROR] amplitude Error: InvalidAPIKeyError: key [HASH] not recognized
    at amplitude/lib/client.py:42 in identify
    at amplitude/lib/transport.py:88 in request
[ERROR] mixpanel track Error: MixpanelServerError: [HTTP 5xx] Service Unavailable
    at mixpanel/lib/mixpanel.py:42 in track
    at mixpanel/lib/consumer.py:88 in send
[ERROR] heap analytics Error: heap.io connection timeout after [AGO] to [IP]
    at heap.io/tracker.js:42 in flush
    at heap.io/batch.js:88 in send
[ERROR] surrealdb start Error: StorageError: Cannot create file /data/surreal.db - permission denied
    at surrealdb/src/storage/engine.rs:42 in init
    at surrealdb/src/server.rs:88 in start
[ERROR] planetscale database Error: BranchCreationError: cannot create branch from main - too many branches
    at pscale/lib/branch.js:42 in create
    at pscale/lib/client.js:88 in request
[ERROR] neondatabase Error: ConnectionError: endpoint ep-abc123 unreachable at [IP]:[PORT]
    at neondatabase/lib/client.py:42 in connect
    at neondatabase/lib/pool.py:88 in acquire
[ERROR] cloudflare d1 query Error: D1Error: database is read-only during migration
    at wrangler d1 execute --file=migrate.sql
    at wrangler/d1/client.js:88 in execute
[ERROR] arangodb Error: ArangoError: 503 cluster leadership lost
    at arangodb/cluster/manager.rs:42 in supervise
    at arangoimp/import.rs:88 in execute
[ERROR] docusaurus build Error: WebpackError: Cannot resolve module '@docusaurus/theme-classic'
    at docusaurus/lib/webpack/config.js:42 in resolve
    at docusaurus/lib/commands/build.js:88 in compile
[ERROR] sphinx-build Error: ExtensionError: sphinx.ext.autodoc failed to import module 'app.core'
    at sphinx/ext/autodoc/__init__.py:42 in process
    at sphinx/ext/autodoc/importer.py:88 in import_object
[ERROR] bullmq queue Error: StalledJobError: job abc123def456ghi789 stalled for [AGO] - moving to failed
    at bullmq/src/job.ts:42 in moveStalledJobsToFailed
    at bull mq/src/queue.ts:88 in runStalledChecker
[ERROR] amazon ses Error: ThrottlingException: Daily message quota exceeded for account [IP]
    at email.amazonaws.com/SendEmail:42 in invoke
    at aws ses/lib/client.js:88 in send
[ERROR] doppler secrets Error: DopplerError: secret rotation failed - cannot connect to Doppler API
    at doppler/lib/secret.js:42 in rotate
    at doppler/lib/client.js:88 in request
[ERROR] infisical scan Error: InfisicalError: failed to scan 12 files - API token expired
    at infisical/lib/scanner.js:42 in scan
    at infisical/lib/client.js:88 in authenticate
[ERROR] clerk.dev Error: ClerkAuthenticationError: invalid session token for user [ID]
    at clerk/lib/session.js:42 in verify
    at clerk/lib/middleware.js:88 in authenticate
[ERROR] authelia portal Error: AuthenticationFailed: too many failed attempts for user admin from [IP]
    at authelia/internal/middleware/auth.go:42 in verify
    at authelia/internal/server/server.go:88 in handle
[x3] [ERROR] [TIME] posthog Error: event [ID] dropped src=[IP]:[PORT]
[FATAL] [TIME] meilisearch index out of memory - process killed by OOM killer commit=[HASH]
