[ERROR] tomcat HTTP Status 500 - Internal Server Error
    at org.apache.catalina.core.StandardWrapperValve.invoke(StandardWrapperValve.java:118)
    at org.apache.catalina.connector.CoyoteAdapter.service(CoyoteAdapter.java:42)
    at org.apache.coyote.http11.Http11Processor.process(Http11Processor.java:88)
    at org.apache.tomcat.util.threads.TaskThread$WrappingRunnable.run(TaskThread.java:55)
[ERROR] jetty.server IOException: Cannot read request body
    at org.eclipse.jetty.server.HttpConnection.read(HttpConnection.java:42)
    at org.eclipse.jetty.io.AbstractConnection.read(AbstractConnection.java:88)
[ERROR] wildfly Deployment failed: WFLYCTL0199: Failed to deploy checkout-service.war
    at org.jboss.as.controller.client.helpers.standalone.impl.ServerDeploymentActionResult.getServerResult(ServerDeploymentActionResult.java:42)
[ERROR] glassfish server SEVERE: Exception while loading the app
    at com.sun.enterprise.v3.server.ApplicationLifecycle.doStart(ApplicationLifecycle.java:118)
[ERROR] micronaut startup Error: No bean of type [CheckoutService] exists
    at io.micronaut.context.DefaultBeanContext.getBean(DefaultBeanContext.java:42)
[ERROR] quarkus build Failed: Unresolved dependency: io.quarkus:quarkus-agroal
    at io.quarkus.deployment.pkg.steps.NativeImageBuildStep.build(NativeImageBuildStep.java:88)
[ERROR] io.vertx.core.VertxException: Timeout waiting for event bus reply
    at io.vertx.core.eventbus.impl.HandlerRegistration.sendAsyncResult(HandlerRegistration.java:42)
[ERROR] helidon se server Error: Connection refused to database [IP]:[PORT]
    at io.helidon.dbclient.DbClient.execute(DbClient.java:88)
[ERROR] org.apache.log4j FATAL: Cannot write to log file /var/log/app/server.log
    at org.apache.log4j.FileAppender.setFile(FileAppender.java:42)
[ERROR] org.slf4j LoggerFactory failed to initialize: java.lang.NoClassDefFoundError: ch/qos/logback/classic/spi/LogbackServiceProvider
    at org.slf4j.LoggerFactory.bind(LoggerFactory.java:42)
[x3] [ERROR] [TIME] tomcat Error: ServletException processing request [ID] on /api/checkout from [IP]:[PORT]
[FATAL] [TIME] wildfly JVM heap exhausted: OutOfMemoryError: Java heap space commit=[HASH]
