[ERROR] auth failed for [EMAIL] from [IPV6]
[ERROR] stripe webhook rejected [REDACTED]
[ERROR] npm publish failed token=[REDACTED]
[ERROR] google api blocked [REDACTED]
[ERROR] twilio sms failed with account_sid=[REDACTED]
[ERROR] sendgrid email bounced key=[REDACTED]
[ERROR] JWT validation error: [JWT]
[PEM PRIVATE KEY REDACTED]
[ERROR] connect ECONNREFUSED [[IPV6]]:5432
[WARN] github token leaked in env: [REDACTED]
[ERROR] process exited with code 1
