CVE-2026-12345  openssl  CRITICAL  Fixed Version: 3.0.15-r2
CVE-2026-67890  libcurl  HIGH  Fixed Version: 8.5.0-r3
CVE-2026-11111  glibc  MEDIUM  Fixed Version: 2.38-r6
CVE-2026-22222  nodejs  HIGH  Fixed Version: 20.11.1-r0
GHSA-ab12-cd34-ef56  express  CRITICAL  Fixed Version: 4.18.3
GHSA-xy12-zw34-vu56  lodash  HIGH  Fixed Version: 4.17.21
CVE-2026-12345  openssl  CRITICAL  Fixed Version: 3.0.15-r2
[ERROR] ✗ Medium severity vulnerability found in express
  introduced via checkout-service@1.0.0 > express@4.18.2
  CVE-2026-33333: HTTP Request Smuggling
  Fixed in: express@4.18.3
[ERROR] ✗ High severity vulnerability found in lodash
  introduced via checkout-service@1.0.0 > lodash@4.17.20
  CVE-2026-44444: Prototype Pollution
  Fixed in: lodash@4.17.21
[ERROR] ✗ High severity vulnerability found in lodash
  introduced via checkout-service@1.0.0 > lodash@4.17.20
  CVE-2026-44444: Prototype Pollution
  Fixed in: lodash@4.17.21
[ERROR] ✗ Critical severity vulnerability found in follow-redirects
  introduced via checkout-service@1.0.0 > follow-redirects@1.15.4
  CVE-2026-55555: Server-Side Request Forgery
  Fixed in: follow-redirects@1.15.5
npm audit report
[x2] [ERROR] npm audit found 3 vulnerabilities (1 critical, 1 high, 1 moderate)
[ERROR] Critical: Prototype Pollution in lodash < 4.17.21
  Package: lodash
  Dependency of: checkout-service
  Path: checkout-service > lodash
  More info: https://github.com/advisories/GHSA-xy12-zw34-vu56
[ERROR] High: HTTP Request Smuggling in express < 4.18.3
  Package: express
  Dependency of: checkout-service
  Path: checkout-service > express
[ERROR] Moderate: ReDoS in debug < 4.3.4
  Package: debug
  Dependency of: checkout-service > express > debug
[ERROR] semgrep finding: aws.s3-logging-disabled
  File: src/checkout/storage.py line 42
  S3 bucket does not have server access logging enabled
  Severity: WARNING
[ERROR] semgrep finding: javascript.react.security.audit.eval-detected
  File: src/api/discount.ts line 88
  User-controlled data in eval() can lead to code injection
  Severity: ERROR
[ERROR] semgrep finding: javascript.react.security.audit.eval-detected
  File: src/api/discount.ts line 88
  User-controlled data in eval() can lead to code injection
  Severity: ERROR
[ERROR] gitleaks: secret detected in .env line 42
  Rule: AWS Access Key ID
  Secret: [REDACTED]
  File: .env
  Line: 42
[ERROR] High severity: Detected a hardcoded secret 'password123'. Use environment variables instead.
  File: config/database.yml line 18
[ERROR] High severity: Detected a hardcoded secret 'password123'. Use environment variables instead.
  File: config/database.yml line 18
[ERROR] grype: CRITICAL CVE-2026-12345 openssl (installed: 3.0.14-r0, fixed: 3.0.15-r2)
[ERROR] grype: HIGH CVE-2026-67890 libcurl (installed: 8.5.0-r2, fixed: 8.5.0-r3)
[ERROR] grype: CRITICAL CVE-2026-12345 openssl (installed: 3.0.14-r0, fixed: 3.0.15-r2)
[x2] [ERROR] High severity vulnerability found in lodash 4.17.20
[TIME] [FATAL] Security gate failed: 2 critical vulnerabilities must be resolved before deployment
