 RUN  v4.1.6 /repo
 ✓ tests/unit/sum.test.ts (12 tests) 18ms
 ✓ tests/unit/util.test.ts (8 tests) 9ms
 ✗ tests/integration/users.test.ts (5 tests | 3 failed) 124ms
[ERROR] AssertionError: expected 500 to be 201
    at Object.<anonymous> (/repo/tests/integration/users.test.ts:42:18)
[... hidden internal library frames ...]
    at /repo/node_modules/vitest/dist/index.js:1234:20
    at /repo/node_modules/@vitest/runner/dist/index.js:567:15
    at /repo/node_modules/tinypool/dist/esm/worker.js:89:5
[... hidden internal library frames ...]
[ERROR] AssertionError: expected 500 to be 201
    at Object.<anonymous> (/repo/tests/integration/users.test.ts:55:18)
[... hidden internal library frames ...]
    at /repo/node_modules/vitest/dist/index.js:1234:20
    at /repo/node_modules/@vitest/runner/dist/index.js:567:15
    at /repo/node_modules/tinypool/dist/esm/worker.js:89:5
[... hidden internal library frames ...]
[ERROR] AssertionError: expected 500 to be 201
    at Object.<anonymous> (/repo/tests/integration/users.test.ts:68:18)
[x2] [... hidden internal library frames ...]
[FATAL] worker crashed with exit code 1
